// Jest Snapshot v1, https://goo.gl/fbAQLP

exports[`matches snapshot as expected 1`] = `
<div
  className="app"
>
  <div
    className="top"
  >
    <div
      className="header-image"
    />
  </div>
  <div
    className="bottom"
  >
    <div
      className="header-title"
    >
      Component Test
    </div>
    <div>
      <div
        className="sample-text"
      >
        → 
        Mock
      </div>
      <div
        className="sample-text"
      >
        → 
        Test
      </div>
      <div
        className="sample-text"
      >
        → 
        Data
      </div>
    </div>
    <button
      className="button"
      onClick={[Function]}
    >
      Click me!
    </button>
  </div>
</div>
`;
